###############################################################################
#
# IAR ELF Linker V8.22.1.15669/W32 for ARM                27/Dec/2018  18:23:24
# Copyright 2007-2018 IAR Systems AB.
#
#    Output file  =  
#        C:\Users\wangyunxuan\Desktop\Robocon\program\wireless\wireless\EWARM\wireless\Exe\wireless.out
#    Map file     =  
#        C:\Users\wangyunxuan\Desktop\Robocon\program\wireless\wireless\EWARM\wireless\List\wireless.map
#    Command line =  
#        -f C:\Users\WANGYU~1\AppData\Local\Temp\EW59D5.tmp
#        (C:\Users\wangyunxuan\Desktop\Robocon\program\wireless\wireless\EWARM\wireless\Obj\can.o
#        C:\Users\wangyunxuan\Desktop\Robocon\program\wireless\wireless\EWARM\wireless\Obj\delay.o
#        C:\Users\wangyunxuan\Desktop\Robocon\program\wireless\wireless\EWARM\wireless\Obj\gpio.o
#        C:\Users\wangyunxuan\Desktop\Robocon\program\wireless\wireless\EWARM\wireless\Obj\main.o
#        C:\Users\wangyunxuan\Desktop\Robocon\program\wireless\wireless\EWARM\wireless\Obj\nrf24l01.o
#        C:\Users\wangyunxuan\Desktop\Robocon\program\wireless\wireless\EWARM\wireless\Obj\spi.o
#        C:\Users\wangyunxuan\Desktop\Robocon\program\wireless\wireless\EWARM\wireless\Obj\startup_stm32f072xb.o
#        C:\Users\wangyunxuan\Desktop\Robocon\program\wireless\wireless\EWARM\wireless\Obj\stm32f0xx_hal.o
#        C:\Users\wangyunxuan\Desktop\Robocon\program\wireless\wireless\EWARM\wireless\Obj\stm32f0xx_hal_can.o
#        C:\Users\wangyunxuan\Desktop\Robocon\program\wireless\wireless\EWARM\wireless\Obj\stm32f0xx_hal_cortex.o
#        C:\Users\wangyunxuan\Desktop\Robocon\program\wireless\wireless\EWARM\wireless\Obj\stm32f0xx_hal_dma.o
#        C:\Users\wangyunxuan\Desktop\Robocon\program\wireless\wireless\EWARM\wireless\Obj\stm32f0xx_hal_flash.o
#        C:\Users\wangyunxuan\Desktop\Robocon\program\wireless\wireless\EWARM\wireless\Obj\stm32f0xx_hal_flash_ex.o
#        C:\Users\wangyunxuan\Desktop\Robocon\program\wireless\wireless\EWARM\wireless\Obj\stm32f0xx_hal_gpio.o
#        C:\Users\wangyunxuan\Desktop\Robocon\program\wireless\wireless\EWARM\wireless\Obj\stm32f0xx_hal_i2c.o
#        C:\Users\wangyunxuan\Desktop\Robocon\program\wireless\wireless\EWARM\wireless\Obj\stm32f0xx_hal_i2c_ex.o
#        C:\Users\wangyunxuan\Desktop\Robocon\program\wireless\wireless\EWARM\wireless\Obj\stm32f0xx_hal_msp.o
#        C:\Users\wangyunxuan\Desktop\Robocon\program\wireless\wireless\EWARM\wireless\Obj\stm32f0xx_hal_pwr.o
#        C:\Users\wangyunxuan\Desktop\Robocon\program\wireless\wireless\EWARM\wireless\Obj\stm32f0xx_hal_pwr_ex.o
#        C:\Users\wangyunxuan\Desktop\Robocon\program\wireless\wireless\EWARM\wireless\Obj\stm32f0xx_hal_rcc.o
#        C:\Users\wangyunxuan\Desktop\Robocon\program\wireless\wireless\EWARM\wireless\Obj\stm32f0xx_hal_rcc_ex.o
#        C:\Users\wangyunxuan\Desktop\Robocon\program\wireless\wireless\EWARM\wireless\Obj\stm32f0xx_hal_spi.o
#        C:\Users\wangyunxuan\Desktop\Robocon\program\wireless\wireless\EWARM\wireless\Obj\stm32f0xx_hal_spi_ex.o
#        C:\Users\wangyunxuan\Desktop\Robocon\program\wireless\wireless\EWARM\wireless\Obj\stm32f0xx_hal_tim.o
#        C:\Users\wangyunxuan\Desktop\Robocon\program\wireless\wireless\EWARM\wireless\Obj\stm32f0xx_hal_tim_ex.o
#        C:\Users\wangyunxuan\Desktop\Robocon\program\wireless\wireless\EWARM\wireless\Obj\stm32f0xx_hal_uart.o
#        C:\Users\wangyunxuan\Desktop\Robocon\program\wireless\wireless\EWARM\wireless\Obj\stm32f0xx_hal_uart_ex.o
#        C:\Users\wangyunxuan\Desktop\Robocon\program\wireless\wireless\EWARM\wireless\Obj\stm32f0xx_it.o
#        C:\Users\wangyunxuan\Desktop\Robocon\program\wireless\wireless\EWARM\wireless\Obj\system_stm32f0xx.o
#        C:\Users\wangyunxuan\Desktop\Robocon\program\wireless\wireless\EWARM\wireless\Obj\usart.o
#        --redirect _Printf=_PrintfFull --redirect _Scanf=_ScanfFull -o
#        C:\Users\wangyunxuan\Desktop\Robocon\program\wireless\wireless\EWARM\wireless\Exe\wireless.out
#        --map
#        C:\Users\wangyunxuan\Desktop\Robocon\program\wireless\wireless\EWARM\wireless\List\wireless.map
#        --config
#        C:\Users\wangyunxuan\Desktop\Robocon\program\wireless\wireless\EWARM/stm32f072xb_flash.icf
#        --semihosting --entry __iar_program_start --vfe --text_out locale)
#
###############################################################################

*******************************************************************************
*** RUNTIME MODEL ATTRIBUTES
***

CppFlavor       = *
__SystemLibrary = DLib
__dlib_version  = 6


*******************************************************************************
*** HEAP SELECTION
***

The basic heap was selected because no calls to memory allocation
functions were found in the application outside of system library
functions, and there are calls to deallocation functions in the
application.


*******************************************************************************
*** PLACEMENT SUMMARY
***

"A0":  place at 0x08000000 { ro section .intvec };
"P1":  place in [from 0x08000000 to 0x0801ffff] { ro };
define block CSTACK with size = 1K, alignment = 8 { };
define block HEAP with size = 512, alignment = 8 { };
"P2":  place in [from 0x20000000 to 0x20003fff] {
          rw, block CSTACK, block HEAP };
initialize by copy { rw };

  Section            Kind        Address    Size  Object
  -------            ----        -------    ----  ------
"A0":                                       0xc0
  .intvec            ro code  0x08000000    0xc0  startup_stm32f072xb.o [1]
                            - 0x080000c0    0xc0

"P1":                                     0x47df
  .text              ro code  0x080000c0   0xffa  xprintffull.o [3]
  .text              ro code  0x080010ba     0x2  startup_stm32f072xb.o [1]
  .text              ro code  0x080010bc    0x88  xlocale_c.o [3]
  .text              ro code  0x08001144    0x16  strchr.o [5]
  .text              ro code  0x0800115a     0x2  startup_stm32f072xb.o [1]
  .text              ro code  0x0800115c    0x48  xfail_s.o [3]
  .text              ro code  0x080011a4    0x10  strlen.o [5]
  .text              ro code  0x080011b4    0x18  memchr.o [5]
  .text              ro code  0x080011cc     0xa  xmbcurmax.o [3]
  .text              ro code  0x080011d6     0x2  startup_stm32f072xb.o [1]
  .text              ro code  0x080011d8    0x5c  ABImemcpy.o [5]
  .text              ro code  0x08001234    0x6a  I64DivMod.o [5]
  .text              ro code  0x0800129e   0x184  DblMul.o [4]
  .text              ro code  0x08001422    0x32  DblCmpLe.o [4]
  .text              ro code  0x08001454    0x32  DblCmpGe.o [4]
  .text              ro code  0x08001486     0x2  startup_stm32f072xb.o [1]
  .text              ro code  0x08001488    0x52  DblToI32.o [4]
  .text              ro code  0x080014da     0x2  startup_stm32f072xb.o [1]
  .text              ro code  0x080014dc    0x34  IxxToDbl.o [4]
  .text              ro code  0x08001510   0x1a8  DblAddSub.o [4]
  .text              ro code  0x080016b8    0xe0  I32DivModFast.o [5]
  .text              ro code  0x08001798    0xc2  DblDiv.o [4]
  .text              ro code  0x0800185a     0x2  startup_stm32f072xb.o [1]
  .text              ro code  0x0800185c    0x36  I32DivMod.o [5]
  .text              ro code  0x08001892     0xa  abort.o [3]
  .text              ro code  0x0800189c     0x2  I64DivZer.o [5]
  .text              ro code  0x0800189e     0x2  startup_stm32f072xb.o [1]
  .text              ro code  0x080018a0     0x2  IntDivZer.o [5]
  .text              ro code  0x080018a2     0x2  startup_stm32f072xb.o [1]
  .text              ro code  0x080018a4    0x14  exit.o [6]
  .text              ro code  0x080018b8   0x880  stm32f0xx_hal_spi.o [1]
  .text              ro code  0x08002138    0xe0  spi.o [1]
  .text              ro code  0x08002218     0xc  stm32f0xx_hal.o [1]
  .text              ro code  0x08002224   0x170  main.o [1]
  .text              ro code  0x08002394   0x1d4  stm32f0xx_hal_gpio.o [1]
  .text              ro code  0x08002568    0x20  stm32f0xx_hal.o [1]
  .text              ro code  0x08002588    0x96  gpio.o [1]
  .text              ro code  0x0800261e     0x2  startup_stm32f072xb.o [1]
  .text              ro code  0x08002620   0x124  usart.o [1]
  .text              ro code  0x08002744   0x244  can.o [1]
  .text              ro code  0x08002988   0x334  nrf24l01.o [1]
  .text              ro code  0x08002cbc   0x668  stm32f0xx_hal_rcc.o [1]
  .text              ro code  0x08003324   0x13c  stm32f0xx_hal_rcc_ex.o [1]
  .text              ro code  0x08003460    0xac  stm32f0xx_hal_cortex.o [1]
  .text              ro code  0x0800350c    0x24  stm32f0xx_hal.o [1]
  .text              ro code  0x08003530    0x50  stm32f0xx_hal_msp.o [1]
  .text              ro code  0x08003580   0x748  stm32f0xx_hal_uart.o [1]
  .text              ro code  0x08003cc8    0x40  vsnprint.o [3]
  .text              ro code  0x08003d08   0x810  stm32f0xx_hal_can.o [1]
  .text              ro code  0x08004518    0x24  ABIassert.o [6]
  .text              ro code  0x0800453c    0x3c  ABImemset.o [5]
  .text              ro code  0x08004578    0x48  stm32f0xx_hal_dma.o [1]
  .text              ro code  0x080045c0     0x2  stm32f0xx_hal_uart.o [1]
  .text              ro code  0x080045c2     0x2  startup_stm32f072xb.o [1]
  .text              ro code  0x080045c4     0x2  stm32f0xx_hal_uart_ex.o [1]
  .text              ro code  0x080045c6     0x2  stm32f0xx_hal_uart.o [1]
  .text              ro code  0x080045c8     0x2  stm32f0xx_hal_can.o [1]
  .text              ro code  0x080045ca     0x2  startup_stm32f072xb.o [1]
  .text              ro code  0x080045cc    0x70  system_stm32f0xx.o [1]
  .text              ro code  0x0800463c    0x3c  stm32f0xx_it.o [1]
  .text              ro code  0x08004678    0x10  stm32f0xx_hal.o [1]
  .text              ro code  0x08004688    0x3c  zero_init3.o [5]
  .text              ro code  0x080046c4    0x3c  packbits_init_single.o [5]
  .text              ro code  0x08004700    0x28  data_init.o [5]
  .iar.init_table    const    0x08004728    0x20  - Linker created -
  .text              ro code  0x08004748    0x20  stm32f0xx_hal.o [1]
  .text              ro code  0x08004768    0x1e  cmain.o [5]
  .text              ro code  0x08004786     0x4  low_level_init.o [3]
  .text              ro code  0x0800478a     0x8  exit.o [3]
  .text              ro code  0x08004792     0x2  startup_stm32f072xb.o [1]
  .text              ro code  0x08004794     0xa  cexit.o [5]
  .text              ro code  0x0800479e    0x1c  xsnprout.o [3]
  .text              ro code  0x080047ba    0x1c  xencoding_8859_1.o [3]
  .text              ro code  0x080047d6     0x2  startup_stm32f072xb.o [1]
  .rodata            const    0x080047d8    0x10  xprintffull.o [3]
  .text              ro code  0x080047e8    0x10  startup_stm32f072xb.o [1]
  .text              ro code  0x080047f8     0xc  cstartup_M.o [5]
  .rodata            const    0x08004804     0x8  system_stm32f0xx.o [1]
  .rodata            const    0x0800480c     0x6  xlocale_c.o [3]
  .text              ro code  0x08004812     0x2  startup_stm32f072xb.o [1]
  .text              ro code  0x08004814     0x2  startup_stm32f072xb.o [1]
  .text              ro code  0x08004816     0x2  startup_stm32f072xb.o [1]
  .text              ro code  0x08004818     0x2  startup_stm32f072xb.o [1]
  .text              ro code  0x0800481a     0x2  startup_stm32f072xb.o [1]
  .text              ro code  0x0800481c     0x2  startup_stm32f072xb.o [1]
  .text              ro code  0x0800481e     0x2  startup_stm32f072xb.o [1]
  .text              ro code  0x08004820     0x2  startup_stm32f072xb.o [1]
  .text              ro code  0x08004822     0x2  startup_stm32f072xb.o [1]
  .text              ro code  0x08004824     0x2  startup_stm32f072xb.o [1]
  .text              ro code  0x08004826     0x2  startup_stm32f072xb.o [1]
  .text              ro code  0x08004828     0x2  startup_stm32f072xb.o [1]
  .text              ro code  0x0800482a     0x2  startup_stm32f072xb.o [1]
  .text              ro code  0x0800482c     0x2  startup_stm32f072xb.o [1]
  .text              ro code  0x0800482e     0x2  startup_stm32f072xb.o [1]
  .text              ro code  0x08004830     0x2  startup_stm32f072xb.o [1]
  .rodata            const    0x08004832     0x0  zero_init3.o [5]
  .rodata            const    0x08004832     0x0  packbits_init_single.o [5]
  Initializer bytes  const    0x08004832    0x6d  <for P2-1>
                            - 0x0800489f  0x47df

"P2", part 1 of 3:                          0xd4
  P2-1                        0x20000000    0xd4  <Init block>
    .data            inited   0x20000000    0x50  nrf24l01.o [1]
    .data            inited   0x20000050     0x4  system_stm32f0xx.o [1]
    .data            inited   0x20000054    0x38  xlocale_c.o [3]
    .data            inited   0x2000008c    0x48  xlocale_c.o [3]
                            - 0x200000d4    0xd4

"P2", part 2 of 3:                         0x3bc
  .bss               zero     0x200000d4   0x190  can.o [1]
  .bss               zero     0x20000264    0xdc  usart.o [1]
  .bss               zero     0x20000340    0xac  can.o [1]
  .bss               zero     0x200003ec    0x64  spi.o [1]
  .bss               zero     0x20000450    0x2c  nrf24l01.o [1]
  .bss               zero     0x2000047c     0x4  can.o [1]
  .bss               zero     0x20000480     0x4  main.o [1]
  .bss               zero     0x20000484     0x4  nrf24l01.o [1]
  .bss               zero     0x20000488     0x4  stm32f0xx_hal.o [1]
  .bss               zero     0x2000048c     0x4  xfail_s.o [3]
                            - 0x20000490   0x3bc

"P2", part 3 of 3:                         0x400
  CSTACK                      0x20000490   0x400  <Block>
    CSTACK           uninit   0x20000490   0x400  <Block tail>
                            - 0x20000890   0x400


*******************************************************************************
*** INIT TABLE
***

          Address     Size
          -------     ----
Zero (__iar_zero_init3)
    1 destination range, total size 0x3bc:
          0x200000d4  0x3bc

Copy/packbits (__iar_packbits_init_single3)
    1 source range, total size 0x6d (51% of destination):
          0x08004832   0x6d
    1 destination range, total size 0xd4:
          0x20000000   0xd4



*******************************************************************************
*** MODULE SUMMARY
***

    Module                   ro code  ro data  rw data
    ------                   -------  -------  -------
C:\Users\wangyunxuan\Desktop\Robocon\program\wireless\wireless\EWARM\wireless\Obj: [1]
    can.o                        580               576
    gpio.o                       150
    main.o                       368                 4
    nrf24l01.o                   820       41      128
    spi.o                        224               100
    startup_stm32f072xb.o        266
    stm32f0xx_hal.o              128                 4
    stm32f0xx_hal_can.o        2 066
    stm32f0xx_hal_cortex.o       172
    stm32f0xx_hal_dma.o           72
    stm32f0xx_hal_gpio.o         468
    stm32f0xx_hal_msp.o           80
    stm32f0xx_hal_rcc.o        1 640
    stm32f0xx_hal_rcc_ex.o       316
    stm32f0xx_hal_spi.o        2 176
    stm32f0xx_hal_uart.o       1 868
    stm32f0xx_hal_uart_ex.o        2
    stm32f0xx_it.o                60
    system_stm32f0xx.o           112       10        4
    usart.o                      292               220
    --------------------------------------------------
    Total:                    11 860       51    1 036

command line: [2]
    --------------------------------------------------
    Total:

dl6M_tlf.a: [3]
    abort.o                       10
    exit.o                         8
    low_level_init.o               4
    vsnprint.o                    64
    xencoding_8859_1.o            28
    xfail_s.o                     72                 4
    xlocale_c.o                  136       72      128
    xmbcurmax.o                   10
    xprintffull.o              4 090       16
    xsnprout.o                    28
    --------------------------------------------------
    Total:                     4 450       88      132

m6M_tl.a: [4]
    DblAddSub.o                  424
    DblCmpGe.o                    50
    DblCmpLe.o                    50
    DblDiv.o                     194
    DblMul.o                     388
    DblToI32.o                    82
    IxxToDbl.o                    52
    --------------------------------------------------
    Total:                     1 240

rt6M_tl.a: [5]
    ABImemcpy.o                   92
    ABImemset.o                   60
    I32DivMod.o                   54
    I32DivModFast.o              224
    I64DivMod.o                  106
    I64DivZer.o                    2
    IntDivZer.o                    2
    cexit.o                       10
    cmain.o                       30
    cstartup_M.o                  12
    data_init.o                   40
    memchr.o                      24
    packbits_init_single.o        60
    strchr.o                      22
    strlen.o                      16
    zero_init3.o                  60
    --------------------------------------------------
    Total:                       814

shb_l.a: [6]
    ABIassert.o                   36
    exit.o                        20
    --------------------------------------------------
    Total:                        56

    Linker created                         32    1 024
------------------------------------------------------
    Grand Total:              18 420      171    2 192


*******************************************************************************
*** ENTRY LIST
***

Entry                      Address   Size  Type      Object
-----                      -------   ----  ----      ------
.iar.init_table$$Base   0x08004728          --   Gb  - Linker created -
.iar.init_table$$Limit  0x08004748          --   Gb  - Linker created -
?main                   0x08004769         Code  Gb  cmain.o [5]
AHBPrescTable           0x0800462c   0x10  Data  Gb  system_stm32f0xx.o [1]
APBPrescTable           0x08004804    0x8  Data  Gb  system_stm32f0xx.o [1]
CAN_LIST_MATCH          0x080028af   0x2c  Code  Gb  can.o [1]
CAN_Receive_IT          0x080043c5  0x13e  Code  Lc  stm32f0xx_hal_can.o [1]
CEC_CAN_IRQHandler      0x08004667    0xa  Code  Gb  stm32f0xx_it.o [1]
CSTACK$$Base            0x20000490          --   Gb  - Linker created -
CSTACK$$Limit           0x20000890          --   Gb  - Linker created -
CacheMore               0x080010c1   0x28  Code  Lc  xlocale_c.o [3]
Configure_Filter        0x0800280d   0x28  Code  Gb  can.o [1]
EXTI4_15_IRQHandler     0x08004651    0xc  Code  Gb  stm32f0xx_it.o [1]
HAL_CAN_ConfigFilter    0x08003e43   0xde  Code  Gb  stm32f0xx_hal_can.o [1]
HAL_CAN_ErrorCallback   0x080028e9    0xc  Code  Gb  can.o [1]
HAL_CAN_IRQHandler      0x080041ef  0x1d2  Code  Gb  stm32f0xx_hal_can.o [1]
HAL_CAN_Init            0x08003d09  0x13a  Code  Gb  stm32f0xx_hal_can.o [1]
HAL_CAN_MspInit         0x08002781   0x56  Code  Gb  can.o [1]
HAL_CAN_Receive_IT      0x08004117   0xca  Code  Gb  stm32f0xx_hal_can.o [1]
HAL_CAN_RxCpltCallback  0x080028db    0xe  Code  Gb  can.o [1]
HAL_CAN_Transmit        0x08003f21  0x1cc  Code  Gb  stm32f0xx_hal_can.o [1]
HAL_DMA_Abort_IT        0x08004579   0x48  Code  Gb  stm32f0xx_hal_dma.o [1]
HAL_Delay               0x08004749   0x20  Code  Wk  stm32f0xx_hal.o [1]
HAL_GPIO_EXTI_Callback  0x0800261d    0x2  Code  Gb  gpio.o [1]
HAL_GPIO_EXTI_IRQHandler
                        0x08002535   0x14  Code  Gb  stm32f0xx_hal_gpio.o [1]
HAL_GPIO_Init           0x08002395  0x190  Code  Gb  stm32f0xx_hal_gpio.o [1]
HAL_GPIO_WritePin       0x08002525   0x10  Code  Gb  stm32f0xx_hal_gpio.o [1]
HAL_GetTick             0x08002219    0xc  Code  Wk  stm32f0xx_hal.o [1]
HAL_IncTick             0x08004679   0x10  Code  Wk  stm32f0xx_hal.o [1]
HAL_Init                0x08002569   0x1a  Code  Gb  stm32f0xx_hal.o [1]
HAL_InitTick            0x0800350d   0x24  Code  Wk  stm32f0xx_hal.o [1]
HAL_MspInit             0x08003531   0x50  Code  Gb  stm32f0xx_hal_msp.o [1]
HAL_NVIC_EnableIRQ      0x080034a3   0x12  Code  Gb  stm32f0xx_hal_cortex.o [1]
HAL_NVIC_SetPriority    0x0800349b    0x8  Code  Gb  stm32f0xx_hal_cortex.o [1]
HAL_RCCEx_PeriphCLKConfig
                        0x08003325  0x11e  Code  Gb  stm32f0xx_hal_rcc_ex.o [1]
HAL_RCC_ClockConfig     0x08003109  0x158  Code  Gb  stm32f0xx_hal_rcc.o [1]
HAL_RCC_GetHCLKFreq     0x080032b9    0x6  Code  Gb  stm32f0xx_hal_rcc.o [1]
HAL_RCC_GetPCLK1Freq    0x080032bf   0x14  Code  Gb  stm32f0xx_hal_rcc.o [1]
HAL_RCC_GetSysClockFreq
                        0x08003269   0x50  Code  Gb  stm32f0xx_hal_rcc.o [1]
HAL_RCC_GetSysClockFreq::aPLLMULFactorTable
                        0x08003304   0x10  Data  Lc  stm32f0xx_hal_rcc.o [1]
HAL_RCC_GetSysClockFreq::aPredivFactorTable
                        0x08003314   0x10  Data  Lc  stm32f0xx_hal_rcc.o [1]
HAL_RCC_OscConfig       0x08002cbd  0x448  Code  Gb  stm32f0xx_hal_rcc.o [1]
HAL_SPI_Init            0x080018b9   0xbc  Code  Gb  stm32f0xx_hal_spi.o [1]
HAL_SPI_MspInit         0x08002181   0x40  Code  Gb  spi.o [1]
HAL_SPI_Receive         0x08001b21  0x188  Code  Gb  stm32f0xx_hal_spi.o [1]
HAL_SPI_Transmit        0x08001975  0x1a6  Code  Gb  stm32f0xx_hal_spi.o [1]
HAL_SPI_TransmitReceive
                        0x08001cb1  0x276  Code  Gb  stm32f0xx_hal_spi.o [1]
HAL_SYSTICK_CLKSourceConfig
                        0x080034dd   0x18  Code  Gb  stm32f0xx_hal_cortex.o [1]
HAL_SYSTICK_Callback    0x08002309    0xa  Code  Gb  main.o [1]
HAL_SYSTICK_Callback::time_1ms_cnt
                        0x20000480    0x4  Data  Lc  main.o [1]
HAL_SYSTICK_Config      0x080034b5   0x28  Code  Gb  stm32f0xx_hal_cortex.o [1]
HAL_SYSTICK_IRQHandler  0x08003505    0x8  Code  Gb  stm32f0xx_hal_cortex.o [1]
HAL_UARTEx_WakeupCallback
                        0x080045c5    0x2  Code  Wk  stm32f0xx_hal_uart_ex.o [1]
HAL_UART_IRQHandler     0x08003741  0x12e  Code  Gb  stm32f0xx_hal_uart.o [1]
HAL_UART_Init           0x08003581   0x56  Code  Gb  stm32f0xx_hal_uart.o [1]
HAL_UART_MspInit        0x08002655   0x56  Code  Gb  usart.o [1]
HAL_UART_Receive_IT     0x080036a9   0x94  Code  Gb  stm32f0xx_hal_uart.o [1]
HAL_UART_RxCpltCallback
                        0x080026d9   0x10  Code  Gb  usart.o [1]
HAL_UART_Transmit       0x080035e9   0xbc  Code  Gb  stm32f0xx_hal_uart.o [1]
HardFault_Handler       0x0800463f    0x2  Code  Gb  stm32f0xx_it.o [1]
LoadInt                 0x080002ad   0x74  Code  Lc  xprintffull.o [3]
MX_CAN_Init             0x08002745   0x3c  Code  Gb  can.o [1]
MX_GPIO_Init            0x08002589   0x88  Code  Gb  gpio.o [1]
MX_SPI1_Init            0x08002139   0x48  Code  Gb  spi.o [1]
MX_USART1_UART_Init     0x08002621   0x34  Code  Gb  usart.o [1]
NMI_Handler             0x0800463d    0x2  Code  Gb  stm32f0xx_it.o [1]
NRF24l01                0x20000450   0x2c  Data  Gb  nrf24l01.o [1]
NRF_Analize_Message     0x08002a8d   0x52  Code  Lc  nrf24l01.o [1]
NRF_Init                0x08002989   0xb2  Code  Gb  nrf24l01.o [1]
NRF_RX_Data             0x20000030   0x20  Data  Gb  nrf24l01.o [1]
NRF_Read                0x08002a69   0x10  Code  Lc  nrf24l01.o [1]
NRF_Read_Write          0x08002a79   0x14  Code  Lc  nrf24l01.o [1]
NRF_Set_GPIO            0x08002a3b   0x1e  Code  Lc  nrf24l01.o [1]
NRF_TX_Data             0x20000010   0x20  Data  Gb  nrf24l01.o [1]
NRF_Write               0x08002a59   0x10  Code  Lc  nrf24l01.o [1]
PendSV_Handler          0x08004643    0x2  Code  Gb  stm32f0xx_it.o [1]
RX_ADDRESS              0x20000000    0x8  Data  Gb  nrf24l01.o [1]
Region$$Table$$Base     0x08004728          --   Gb  - Linker created -
Region$$Table$$Limit    0x08004748          --   Gb  - Linker created -
RxMessage               0x200003c8   0x24  Data  Lc  can.o [1]
SPI_EndRxTransaction    0x0800206f   0x78  Code  Lc  stm32f0xx_hal_spi.o [1]
SPI_EndRxTxTransaction  0x080020e7   0x4c  Code  Lc  stm32f0xx_hal_spi.o [1]
SPI_WaitFifoStateUntilTimeout
                        0x08001fcb   0xa4  Code  Lc  stm32f0xx_hal_spi.o [1]
SPI_WaitFlagStateUntilTimeout
                        0x08001f31   0x9a  Code  Lc  stm32f0xx_hal_spi.o [1]
SVC_Handler             0x08004641    0x2  Code  Gb  stm32f0xx_it.o [1]
SysTick_Handler         0x08004645    0xc  Code  Gb  stm32f0xx_it.o [1]
SystemClock_Config      0x08002279   0x74  Code  Gb  main.o [1]
SystemCoreClock         0x20000050    0x4  Data  Gb  system_stm32f0xx.o [1]
SystemInit              0x080045cd   0x48  Code  Gb  system_stm32f0xx.o [1]
TEST_FUNC               0x080022ed   0x1c  Code  Gb  main.o [1]
TEST_FUNC2              0x08002325   0x34  Code  Gb  main.o [1]
TX_ADDRESS              0x20000008    0x8  Data  Gb  nrf24l01.o [1]
TxMessage               0x200003ac   0x1c  Data  Lc  can.o [1]
UART_AdvFeatureConfig   0x080039b1   0xc8  Code  Gb  stm32f0xx_hal_uart.o [1]
UART_CheckIdleState     0x08003a79   0x6a  Code  Gb  stm32f0xx_hal_uart.o [1]
UART_DMAAbortOnError    0x08003bb9   0x14  Code  Lc  stm32f0xx_hal_uart.o [1]
UART_EndRxTransfer      0x08003b61   0x1c  Code  Lc  stm32f0xx_hal_uart.o [1]
UART_EndTransmit_IT     0x08003c35   0x1a  Code  Gb  stm32f0xx_hal_uart.o [1]
UART_Receive_IT         0x08003c4f   0x72  Code  Gb  stm32f0xx_hal_uart.o [1]
UART_SetConfig          0x0800386f  0x13c  Code  Gb  stm32f0xx_hal_uart.o [1]
UART_Transmit_IT        0x08003bcd   0x68  Code  Gb  stm32f0xx_hal_uart.o [1]
UART_WaitOnFlagUntilTimeout
                        0x08003af9   0x64  Code  Gb  stm32f0xx_hal_uart.o [1]
USART1_IRQHandler       0x0800465d    0xa  Code  Gb  stm32f0xx_it.o [1]
_Encoding_8859_1_Mbrlen
                        0x080047cb    0x2  Code  Gb  xencoding_8859_1.o [3]
_Encoding_8859_1_Wctomb
                        0x080047bb   0x10  Code  Gb  xencoding_8859_1.o [3]
_Error_Handler          0x08002359    0x2  Code  Gb  main.o [1]
_GenldFull              0x08000e09  0x27c  Code  Lc  xprintffull.o [3]
_LdtobFull              0x08000991  0x462  Code  Lc  xprintffull.o [3]
_LitobFull              0x08000821  0x11a  Code  Lc  xprintffull.o [3]
_Locale_lconv           0x20000054   0x38  Data  Lc  xlocale_c.o [3]
_PrintfFull             0x080000c1  0x1d6  Code  Gb  xprintffull.o [3]
_PutcharsFull           0x08001085   0x32  Code  Lc  xprintffull.o [3]
_PutfldFull             0x08000321  0x2cc  Code  Lc  xprintffull.o [3]
_PutstrFull             0x08000759   0xbe  Code  Lc  xprintffull.o [3]
_PuttxtFull             0x08000655  0x102  Code  Lc  xprintffull.o [3]
_SNProut                0x0800479f   0x1c  Code  Gb  xsnprout.o [3]
__ICFEDIT_region_RAM_end__ {Abs}
                        0x20003fff         Data  Gb  command line/config [2]
__ICFEDIT_region_RAM_start__ {Abs}
                        0x20000000         Data  Gb  command line/config [2]
__NVIC_SetPriority      0x08003461   0x3a  Code  Lc  stm32f0xx_hal_cortex.o [1]
__aeabi_assert          0x08004519   0x24  Code  Gb  ABIassert.o [6]
__aeabi_cdcmple         0x08001423         Code  Gb  DblCmpLe.o [4]
__aeabi_cdrcmple        0x08001455         Code  Gb  DblCmpGe.o [4]
__aeabi_d2iz            0x08001489         Code  Gb  DblToI32.o [4]
__aeabi_d2uiz           0x080014ad         Code  Gb  DblToI32.o [4]
__aeabi_ddiv            0x08001799         Code  Gb  DblDiv.o [4]
__aeabi_dmul            0x0800129f         Code  Gb  DblMul.o [4]
__aeabi_dsub            0x080015cb         Code  Gb  DblAddSub.o [4]
__aeabi_i2d             0x080014fd         Code  Gb  IxxToDbl.o [4]
__aeabi_idiv            0x080016e5         Code  Gb  I32DivModFast.o [5]
__aeabi_idiv0           0x080018a1         Code  Gb  IntDivZer.o [5]
__aeabi_idivmod         0x080016e5         Code  Gb  I32DivModFast.o [5]
__aeabi_ldiv0           0x0800189d         Code  Gb  I64DivZer.o [5]
__aeabi_memcpy          0x080011d9         Code  Gb  ABImemcpy.o [5]
__aeabi_memset4         0x0800453d         Code  Gb  ABImemset.o [5]
__aeabi_memset8         0x0800453d         Code  Gb  ABImemset.o [5]
__aeabi_ui2d            0x080014dd         Code  Gb  IxxToDbl.o [4]
__aeabi_uidiv           0x080016eb         Code  Gb  I32DivModFast.o [5]
__aeabi_uidivmod        0x080016eb         Code  Gb  I32DivModFast.o [5]
__aeabi_uldivmod        0x08001235         Code  Gb  I64DivMod.o [5]
__cmain                 0x08004769         Code  Gb  cmain.o [5]
__exit                  0x080018a5   0x14  Code  Gb  exit.o [6]
__iar_Fail_s            0x0800115d   0x22  Code  Gb  xfail_s.o [3]
__iar_Mbcurmax          0x080011cd    0xa  Code  Gb  xmbcurmax.o [3]
__iar_Memset4_word      0x08004549         Code  Gb  ABImemset.o [5]
__iar_d2uiz             0x080014b1         Code  Gb  DblToI32.o [4]
__iar_data_init3        0x08004701   0x28  Code  Gb  data_init.o [5]
__iar_globLocale        0x2000008c   0x48  Data  Lc  xlocale_c.o [3]
__iar_global_Locale     0x080010bd    0x4  Code  Gb  xlocale_c.o [3]
__iar_packbits_init_single3
                        0x080046c5   0x3c  Code  Gb  packbits_init_single.o [5]
__iar_program_start     0x080047f9         Code  Gb  cstartup_M.o [5]
__iar_small_uidiv       0x0800185d         Code  Gb  I32DivMod.o [5]
__iar_small_uidivmod    0x0800185d         Code  Gb  I32DivMod.o [5]
__iar_systems$$module {Abs}
                        0x00000001         Data  Gb  command line/config [2]
__iar_zero_init3        0x08004689   0x3c  Code  Gb  zero_init3.o [5]
__low_level_init        0x08004787    0x4  Code  Gb  low_level_init.o [3]
__vector_table          0x08000000         Data  Gb  startup_stm32f072xb.o [1]
_call_main              0x08004775         Code  Gb  cmain.o [5]
_exit                   0x08004795         Code  Gb  cexit.o [5]
_gLocale_mblen          0x08001125    0xa  Code  Gb  xlocale_c.o [3]
_gLocale_mblenInt       0x080010e9   0x34  Code  Gb  xlocale_c.o [3]
_gLocale_wctomb         0x0800112f    0xa  Code  Gb  xlocale_c.o [3]
_gLocale_wctombInt      0x0800111d    0x8  Code  Gb  xlocale_c.o [3]
_main                   0x08004783         Code  Gb  cmain.o [5]
aRxBuffer               0x200002d4    0x1  Data  Gb  usart.o [1]
abort                   0x08001893    0xa  Code  Gb  abort.o [3]
canList                 0x200000d4  0x190  Data  Gb  can.o [1]
can_add_callback        0x08002865   0x4a  Code  Gb  can.o [1]
can_init                0x080027d9   0x34  Code  Gb  can.o [1]
can_send_msg            0x08002835   0x30  Code  Gb  can.o [1]
canlistnum              0x2000047c    0x4  Data  Lc  can.o [1]
exit                    0x0800478b    0x8  Code  Gb  exit.o [3]
hcan                    0x20000340   0x44  Data  Gb  can.o [1]
hspi1                   0x200003ec   0x64  Data  Gb  spi.o [1]
huart1                  0x20000264   0x70  Data  Gb  usart.o [1]
localeconv              0x08001139    0x4  Code  Gb  xlocale_c.o [3]
main                    0x08002225   0x54  Code  Gb  main.o [1]
memchr                  0x080011b5   0x18  Code  Gb  memchr.o [5]
nrf_read_reg            0x08002c77   0x36  Code  Lc  nrf24l01.o [1]
nrf_receive             0x08002b01   0x92  Code  Gb  nrf24l01.o [1]
nrf_watch_dog           0x20000484    0x4  Data  Gb  nrf24l01.o [1]
nrf_write_bytes         0x08002be1   0x96  Code  Lc  nrf24l01.o [1]
nrf_write_reg           0x08002b93   0x4a  Code  Lc  nrf24l01.o [1]
sFilterConfig           0x20000384   0x28  Data  Gb  can.o [1]
scale                   0x0800093b   0x48  Code  Lc  xprintffull.o [3]
sec_hand                0x2000048c    0x4  Data  Lc  xfail_s.o [3]
strchr                  0x08001145    0x2  Code  Gb  strchr.o [5]
strlen                  0x080011a5   0x10  Code  Gb  strlen.o [5]
uart_buffer             0x200002d8   0x68  Data  Gb  usart.o [1]
uprintf                 0x080026ab   0x2e  Code  Gb  usart.o [1]
uwTick                  0x20000488    0x4  Data  Gb  stm32f0xx_hal.o [1]
vsnprintf               0x08003cc9   0x40  Code  Gb  vsnprint.o [3]


[1] = C:\Users\wangyunxuan\Desktop\Robocon\program\wireless\wireless\EWARM\wireless\Obj
[2] = command line
[3] = dl6M_tlf.a
[4] = m6M_tl.a
[5] = rt6M_tl.a
[6] = shb_l.a

  18 420 bytes of readonly  code memory
     171 bytes of readonly  data memory
   2 192 bytes of readwrite data memory

Errors: none
Warnings: none
